07-01 14:21:18.603 32643 19752 E ReactNativeJS: ViewPropTypes will be removed from React Native, along with all other PropTypes. We recommend that you migrate away from PropTypes and switch to a type system like TypeScript. If you need to continue using ViewPropTypes, migrate to the 'deprecated-react-native-prop-types' package.
07-01 14:21:18.627 32643 19752 E ReactNativeJS: ViewPropTypes will be removed from React Native, along with all other PropTypes. We recommend that you migrate away from PropTypes and switch to a type system like TypeScript. If you need to continue using ViewPropTypes, migrate to the 'deprecated-react-native-prop-types' package.
07-01 14:21:18.632 32643 19752 E ReactNativeJS: ViewPropTypes will be removed from React Native, along with all other PropTypes. We recommend that you migrate away from PropTypes and switch to a type system like TypeScript. If you need to continue using ViewPropTypes, migrate to the 'deprecated-react-native-prop-types' package.
07-01 14:21:18.957 32643 19752 E ReactNativeJS: ViewPropTypes will be removed from React Native, along with all other PropTypes. We recommend that you migrate away from PropTypes and switch to a type system like TypeScript. If you need to continue using ViewPropTypes, migrate to the 'deprecated-react-native-prop-types' package.
07-01 14:21:18.962 32643 19752 E ReactNativeJS: ViewPropTypes will be removed from React Native, along with all other PropTypes. We recommend that you migrate away from PropTypes and switch to a type system like TypeScript. If you need to continue using ViewPropTypes, migrate to the 'deprecated-react-native-prop-types' package.
07-01 14:21:18.968 32643 19752 E ReactNativeJS: ViewPropTypes will be removed from React Native, along with all other PropTypes. We recommend that you migrate away from PropTypes and switch to a type system like TypeScript. If you need to continue using ViewPropTypes, migrate to the 'deprecated-react-native-prop-types' package.
07-01 14:21:18.973 32643 19752 E ReactNativeJS: ViewPropTypes will be removed from React Native, along with all other PropTypes. We recommend that you migrate away from PropTypes and switch to a type system like TypeScript. If you need to continue using ViewPropTypes, migrate to the 'deprecated-react-native-prop-types' package.
07-01 14:21:18.978 32643 19752 E ReactNativeJS: ViewPropTypes will be removed from React Native, along with all other PropTypes. We recommend that you migrate away from PropTypes and switch to a type system like TypeScript. If you need to continue using ViewPropTypes, migrate to the 'deprecated-react-native-prop-types' package.
07-01 14:21:18.979 32643 11764 I System.out: [com.mediatek.cta.CtaAdapter]:check permission begin!
07-01 14:21:19.296 32643 19759 I System.out: [com.mediatek.cta.CtaAdapter]:check permission begin!
07-01 14:21:19.300 32643 19752 I ReactNativeJS: Running "Trackk" with {"rootTag":241}
07-01 14:21:20.987 32643 11764 I System.out: [com.mediatek.cta.CtaAdapter]:check permission begin!
07-01 14:21:21.539 32643 19752 E ReactNativeJS: i18next::pluralResolver: Your environment seems not to be Intl API compatible, use an Intl.PluralRules polyfill. Will fallback to the compatibilityJSON v3 format handling.
07-01 14:21:21.601 32643 19752 I ReactNativeJS: 'i18next: languageChanged', 'en'
07-01 14:21:21.700 32643 19752 I ReactNativeJS: 'i18next: initialized', { debug: true,
07-01 14:21:21.700 32643 19752 I ReactNativeJS:   initImmediate: true,
07-01 14:21:21.700 32643 19752 I ReactNativeJS:   ns: [ 'translation' ],
07-01 14:21:21.700 32643 19752 I ReactNativeJS:   defaultNS: [ 'translation' ],
07-01 14:21:21.700 32643 19752 I ReactNativeJS:   fallbackLng: [ 'en' ],
07-01 14:21:21.700 32643 19752 I ReactNativeJS:   fallbackNS: false,
07-01 14:21:21.700 32643 19752 I ReactNativeJS:   supportedLngs: false,
07-01 14:21:21.700 32643 19752 I ReactNativeJS:   nonExplicitSupportedLngs: false,
07-01 14:21:21.700 32643 19752 I ReactNativeJS:   load: 'all',
07-01 14:21:21.700 32643 19752 I ReactNativeJS:   preload: false,
07-01 14:21:21.700 32643 19752 I ReactNativeJS:   simplifyPluralSuffix: true,
07-01 14:21:21.700 32643 19752 I ReactNativeJS:   keySeparator: '.',
07-01 14:21:21.700 32643 19752 I ReactNativeJS:   nsSeparator: ':',
07-01 14:21:21.700 32643 19752 I ReactNativeJS:   pluralSeparator: '_',
07-01 14:21:21.700 32643 19752 I ReactNativeJS:   contextSeparator: '_',
07-01 14:21:21.700 32643 19752 I ReactNativeJS:   partialBundledLanguages: false,
07-01 14:21:21.700 32643 19752 I ReactNativeJS:   saveMissing: false,
07-01 14:21:21.700 32643 19752 I ReactNativeJS:   updateMissing: false,
07-01 14:21:21.700 32643 19752 I ReactNativeJS:   saveMissingTo: 'fallback',
07-01 14:21:21.700 32643 19752 I ReactNativeJS:   saveMissingPlurals: true,
07-01 14:21:21.700 32643 19752 I ReactNativeJS:   missingKeyHandler: false,
07-01 14:21:21.700 32643 19752 I ReactNativeJS:   missingInterpolationHandler: false,
07-01 14:21:21.700 32643 19752 I ReactNativeJS:   postProcess: false,
07-01 14:21:21.700 32643 19752 I ReactNativeJS:   postProcessPassResolved: false,
07-01 14:21:21.700 32643 19752 I ReactNativeJS:   returnNull: false,
07-01 14:21:21.700 32643 19752 I ReactNativeJS:   returnEmptyString: true,
07-01 14:21:21.700 32643 19752 I ReactNativeJS:   returnObjects: false,
07-01 14:21:21.700 32643 19752 I ReactNativeJS:   joinArrays: false,
07-01 14:21:21.700 32643 19752 I ReactNativeJS:   returnedObjectHandler: false,
07-01 14:21:21.700 32643 19752 I ReactNativeJS:   parseMissingKeyHandler: false,
07-01 14:21:21.700 32643 19752 I ReactNativeJS:   appendNamespaceToMissingKey: false,
07-01 14:21:21.700 32643 19752 I ReactNativeJS:   appendNamespaceToCIMode: false,
07-01 14:21:21.700 32643 19752 I ReactNativeJS:   overloadTranslationOptionHandler: [Function: handle],
07-01 14:21:21.700 32643 19752 I ReactNativeJS:   interpolation: 
07-01 14:21:21.700 32643 19752 I ReactNativeJS:    { escapeValue: false,
07-01 14:21:21.700 32643 19752 I ReactNativeJS:      format: [Function: bound format],
07-01 14:21:21.700 32643 19752 I ReactNativeJS:      prefix: '{{',
07-01 14:21:21.700 32643 19752 I ReactNativeJS:      suffix: '}}',
07-01 14:21:21.700 32643 19752 I ReactNativeJS:      formatSeparator: ',',
07-01 14:21:21.700 32643 19752 I ReactNativeJS:      unescapePrefix: '-',
07-01 14:21:21.700 32643 19752 I ReactNativeJS:      nestingPrefix: '$t(',
07-01 14:21:21.700 32643 19752 I ReactNativeJS:      nestingSuffix: ')',
07-01 14:21:21.700 32643 19752 I ReactNativeJS:      nestingOptionsSeparator: ',',
07-01 14:21:21.700 32643 19752 I ReactNativeJS:      maxReplaces: 1000,
07-01 14:21:21.700 32643 19752 I ReactNativeJS:      skipOnVariables: true },
07-01 14:21:21.700 32643 19752 I ReactNativeJS:   lng: 'en',
07-01 14:21:21.700 32643 19752 I ReactNativeJS:   resources: 
07-01 14:21:21.700 32643 19752 I ReactNativeJS:    { en: 
07-01 14:21:21.700 32643 19752 I ReactNativeJS:       { translation: 
07-01 14:21:21.700 32643 19752 I ReactNativeJS:          { login: 
07-01 14:21:21.700 32643 19752 I ReactNativeJS:             { Welcome: 'Welcome to 12 Dimension',
07-01 14:21:21.700 32643 19752 I ReactNativeJS:               number: 'WhatsApp number',
07-01 14:21:21.700 32643 19752 I ReactNativeJS:               getOtp: ' Get OTP',
07-01 14:21:21.700 32643 19752 I ReactNativeJS:               signIn: 'Sign in to continue',
07-01 14:21:21.700 32643 19752 I ReactNativeJS:               description: 'OTP will be sent to above mentioned whatsapp number',
07-01 14:21:21.700 32643 19752 I ReactNativeJS:               username: 'User Name',
07-01 14:21:21.700 32643 19752 I ReactNativeJS:               password: 'Password',
07-01 14:21:21.700 32643 19752 I ReactNativeJS:               LoginError: 'Something wrong, please try again',
07-01 14:21:21.700 32643 19752 I ReactNativeJS:               PleaseEnterOtp: 'Please enter OTP',
07-01 14:21:21.700 32643 19752 I ReactNativeJS:               PleaseEnter6DigitOtp: 'OTP must be 6 digit',
07-01 14:21:21.700 32643 19752 I ReactNativeJS:               RecheckYourCredentials: 'Please check your information ',
07-01 14:21:21.700 32643 19752 I ReactNativeJS:               Start: 'Start',
07-01 14:21:21.700 32643 19752 I ReactNativeJS:               numberToast1: 'Please Enter WhatsApp Number',
07-01 14:21:21.700 32643 19752 I ReactNativeJS:               numberToast2: 'Mobile number must be 10 digits' },
07-01 14:21:21.700 32643 19752 I ReactNativeJS:            otpScreen: 
07-01 14:21:21.700 32643 19752 I ReactNativeJS:             { title: 'OTP Verification',
07-01 14:21:21.700 32643 19752 I ReactNativeJS:               Verify: ' Verify',
07-01 14:21:21.700 32643 19752 I ReactNativeJS:               changeNumber: 'Change Mobile Number',
07-01 14:21:21.700 32643 19752 I ReactNativeJS:               ResendOTP: 'Resend OTP',
07-01 14:21:21.700 32643 19752 I ReactNativeJS:               LoginError: 'Something wrong, please try again',
07-01 14:21:21.700 32643 19752 I ReactNativeJS:               PleaseEnterOtp: 'Please enter OTP',
07-01 14:21:21.700 32643 19752 I ReactNativeJS:               PleaseEnter6DigitOtp: 'OTP must be 6 digit',
07-01 14:21:21.700 32643 19752 I ReactNativeJS:               RecheckYourCredentials: 'Please check your information',
07-01 14:21:21.700 32643 19752 I ReactNativeJS:               otpToast: 'Please enter OTP' },
07-01 14:21:21.700 32643 19752 I ReactNativeJS:            appRegister: 
07-01 14:21:21.700 32643 19752 I ReactNativeJS:             { tab1: 'Profile Completion',
07-01 14:21:21.700 32643 19752 I ReactNativeJS:               tab2: 'Address Information',
07-01 14:21:21.700 32643 19752 I ReactNativeJS:               tab3: 'Accept Terms and conditions',
07-01 14:21:21.700 32643 19752 I ReactNativeJS:               name: 'Name',
07-01 14:21:21.700 32643 19752 I ReactNativeJS:               placeholderName: 'Enter Name',
07-01 14:21:21.700 32643 19752 I ReactNativeJS:               dob: 'Date of Birth',
07-01 14:21:21.700 32643 19752 I ReactNativeJS:               gender: 'Select Gender',
07-01 14:21:21.700 32643 19752 I ReactNativeJS:               male: 'Male',
07-01 14:21:21.700 32643 19752 I ReactNativeJS:               female: 'Female',
07-01 14:21:21.700 32643 19752 I ReactNativeJS:               other: 'Other',
07-01 14:21:21.700 32643 19752 I ReactNativeJS:               communication: 'Communication',
07-01 14:21:21.700 32643 19752 I ReactNativeJS:               number: 'Mobile Number',
07-01 14:21:21.700 32643 19752 I ReactNativeJS:               placeholderNumber: 'Enter Mobile Number',
07-01 14:21:21.700 32643 19752 I ReactNativeJS:               email: 'Email',
07-01 14:21:21.700 32643 19752 I ReactNativeJS:               placeholderEmail: 'Enter Email',
07-01 14:21:21.700 32643 19752 I ReactNativeJS:               address: 'Address',
07-01 14:21:21.700 32643 19752 I ReactNativeJS:               placeholderAddress: 'Enter Address',
07-01 14:21:21.700 32643 19752 I ReactNativeJS:               pinCode: 'Pin Code',
07-01 14:21:21.700 32643 19752 I ReactNativeJS:               placeholderPinCode: 'Enter Pin Code',
07-01 14:21:21.700 32643 19752 I ReactNativeJS:               state: 'Select State',
07-01 14:21:21.700 32643 19752 I ReactNativeJS:               city: 'Select City',
07-01 14:21:21.700 32643 19752 I ReactNativeJS:               condition: 'Are you agreed the condition',
07-01 14:21:21.700 32643 19752 I ReactNativeJS:               TermsConditions: 'Terms & Conditions',
07-01 14:21:21.700 32643 19752 I ReactNativeJS:               nameToast: 'Please enter Name',
07-01 14:21:21.700 32643 19752 I ReactNativeJS:               dobToast: 'Please select Date of Birth',
07-01 14:21:21.700 32643 19752 I ReactNativeJS:               genderToast: 'Please select gender',
07-01 14:21:21.700 32643 19752 I ReactNativeJS:               numberToast: 'Please enter valid mobile number',
07-01 14:21:21.700 32643 19752 I ReactNativeJS:               emailToast: 'Please enter valid email address',
07-01 14:21:21.700 32643 19752 I ReactNativeJS:               pinCodeToast: 'Please enter valid PinCode',
07-01 14:21:21.700 32643 19752 I ReactNativeJS:               stateToast: 'Please select state',
07-01 14:21:21.700 32643 19752 I ReactNativeJS:               cityToast: 'Please select city',
07-01 14:21:21.700 32643 19752 I ReactNativeJS:               termsConToast: 'Please agree Terms & Conditions' },
07-01 14:21:21.700 32643 19752 I ReactNativeJS:            teacherRegistration: 
07-01 14:21:21.701 32643 19752 I ReactNativeJS:             { header: 'Subscription for teacher',
07-01 14:21:21.701 32643 19752 I ReactNativeJS:               school: 'Select
07-01 14:21:21.791 32643 19762 I System.out: [com.mediatek.cta.CtaAdapter]:check permission begin!
07-01 14:21:21.792 32643 19763 I System.out: [com.mediatek.cta.CtaAdapter]:check permission begin!
07-01 14:21:21.929 32643 19765 I System.out: [com.mediatek.cta.CtaAdapter]:check permission begin!
07-01 14:21:22.144 32643 19766 I System.out: [com.mediatek.cta.CtaAdapter]:check permission begin!
07-01 14:21:22.234 32643 19767 I System.out: [com.mediatek.cta.CtaAdapter]:check permission begin!
07-01 14:21:22.389 32643 19768 I System.out: [com.mediatek.cta.CtaAdapter]:check permission begin!
07-01 14:21:22.998 32643 11764 I System.out: [com.mediatek.cta.CtaAdapter]:check permission begin!
07-01 14:21:25.008 32643 11764 I System.out: [com.mediatek.cta.CtaAdapter]:check permission begin!
07-01 14:21:27.019 32643 11764 I System.out: [com.mediatek.cta.CtaAdapter]:check permission begin!
07-01 14:21:28.078 32643 19752 I ReactNativeJS: 'success: http://192.168.29.141:2001/api/appUser/get', 5989, { filter: 'AND MOBILE_NUMBER = 5664566388 ' }
07-01 14:21:29.028 32643 11764 I System.out: [com.mediatek.cta.CtaAdapter]:check permission begin!
07-01 14:21:30.664 32643 19752 I ReactNativeJS: 'success: http://192.168.29.141:2001/api/userSubscription/get', 2472, { filter: ' AND USER_ID = 183' }
07-01 14:21:31.041 32643 11764 I System.out: [com.mediatek.cta.CtaAdapter]:check permission begin!
07-01 14:21:33.054 32643 11764 I System.out: [com.mediatek.cta.CtaAdapter]:check permission begin!
07-01 14:21:35.065 32643 11764 I System.out: [com.mediatek.cta.CtaAdapter]:check permission begin!
07-01 14:21:35.996 32643 32643 I ReactNative: [GESTURE HANDLER] Initialize gesture handler for root view com.facebook.react.ReactRootView{33b380d V.E...... ......ID 0,0-720,1454 #f1}
07-01 14:21:36.010 32643 19766 I System.out: [com.mediatek.cta.CtaAdapter]:check permission begin!
07-01 14:21:36.131 32643 19752 I ReactNativeJS: 'success: http://192.168.29.141:2001/api/ageGroup/get', 217, { filter: 'AND FROM_AGE <= 24 AND TO_AGE >= 24 AND STATUS = 1 ' }
07-01 14:21:37.106 32643 11764 I System.out: [com.mediatek.cta.CtaAdapter]:check permission begin!
07-01 14:21:37.527 32643 11661 I com.trackk: Background young concurrent copying GC freed 401507(16MB) AllocSpace objects, 53(2816KB) LOS objects, 26% free, 54MB/73MB, paused 237us,155us total 203.215ms
07-01 14:21:39.152 32643 11764 I System.out: [com.mediatek.cta.CtaAdapter]:check permission begin!
07-01 14:21:41.212 32643 11764 I System.out: [com.mediatek.cta.CtaAdapter]:check permission begin!
07-01 14:21:43.275 32643 11764 I System.out: [com.mediatek.cta.CtaAdapter]:check permission begin!
07-01 14:21:44.650 32643 11661 I com.trackk: Background concurrent copying GC freed 472213(42MB) AllocSpace objects, 14(560KB) LOS objects, 43% free, 31MB/55MB, paused 160us,130us total 502.888ms
07-01 14:21:45.299 32643 11764 I System.out: [com.mediatek.cta.CtaAdapter]:check permission begin!
07-01 14:21:47.347 32643 11764 I System.out: [com.mediatek.cta.CtaAdapter]:check permission begin!
07-01 14:21:49.378 32643 11764 I System.out: [com.mediatek.cta.CtaAdapter]:check permission begin!
07-01 14:21:51.411 32643 11764 I System.out: [com.mediatek.cta.CtaAdapter]:check permission begin!
07-01 14:21:53.088 32643 11661 I com.trackk: Background young concurrent copying GC freed 521907(23MB) AllocSpace objects, 11(440KB) LOS objects, 43% free, 31MB/55MB, paused 580us,129us total 154.341ms
07-01 14:21:53.526 32643 11764 I System.out: [com.mediatek.cta.CtaAdapter]:check permission begin!
07-01 14:21:55.578 32643 11764 I System.out: [com.mediatek.cta.CtaAdapter]:check permission begin!
07-01 14:21:57.621 32643 11764 I System.out: [com.mediatek.cta.CtaAdapter]:check permission begin!
07-01 14:21:59.668 32643 11764 I System.out: [com.mediatek.cta.CtaAdapter]:check permission begin!
07-01 14:22:01.539 32643 11661 I com.trackk: Background young concurrent copying GC freed 515269(23MB) AllocSpace objects, 15(600KB) LOS objects, 43% free, 31MB/55MB, paused 219us,253us total 158.754ms
07-01 14:22:01.696 32643 11764 I System.out: [com.mediatek.cta.CtaAdapter]:check permission begin!
07-01 14:22:03.762 32643 11764 I System.out: [com.mediatek.cta.CtaAdapter]:check permission begin!
07-01 14:22:05.802 32643 11764 I System.out: [com.mediatek.cta.CtaAdapter]:check permission begin!
07-01 14:22:07.857 32643 11764 I System.out: [com.mediatek.cta.CtaAdapter]:check permission begin!
07-01 14:22:08.827 32643 32643 I BufferQueueConsumer: [](id:7f8300000028,api:0,p:-1,c:32643) connect: controlledByApp=false
07-01 14:22:08.828 32643 32643 I BLASTBufferQueue: [ViewRootImpl[PopupWindow:cfc0bb9]#40] constructor()
07-01 14:22:08.832 32643 11761 I BufferQueueProducer: [ViewRootImpl[PopupWindow:cfc0bb9]#40(BLAST Consumer)40](id:7f8300000028,api:1,p:32643,c:32643) connect: api=1 producerControlledByApp=true
07-01 14:22:09.889 32643 11764 I System.out: [com.mediatek.cta.CtaAdapter]:check permission begin!
07-01 14:22:10.052 32643 11661 I com.trackk: Background young concurrent copying GC freed 516290(23MB) AllocSpace objects, 15(600KB) LOS objects, 43% free, 31MB/55MB, paused 280us,133us total 143.234ms
07-01 14:22:10.634 32643 19406 I System.out: [com.mediatek.cta.CtaAdapter]:check permission begin!
07-01 14:22:10.893 32643 11761 I BufferQueueProducer: [ViewRootImpl[PopupWindow:cfc0bb9]#40(BLAST Consumer)40](id:7f8300000028,api:1,p:32643,c:32643) disconnect: api 1
07-01 14:22:10.895 32643 32643 I BLASTBufferQueue: [ViewRootImpl[PopupWindow:cfc0bb9]#40] destructor()
07-01 14:22:10.895 32643 32643 I BufferQueueConsumer: [ViewRootImpl[PopupWindow:cfc0bb9]#40(BLAST Consumer)40](id:7f8300000028,api:0,p:-1,c:32643) disconnect
07-01 14:22:10.917 32643 13204 I BLASTBufferQueue: releaseBufferCallbackThunk bufferId:140200617443649 framenumber:2 blastBufferQueue is dead
07-01 14:22:11.921 32643 11764 I System.out: [com.mediatek.cta.CtaAdapter]:check permission begin!
07-01 14:22:13.957 32643 11764 I System.out: [com.mediatek.cta.CtaAdapter]:check permission begin!
07-01 14:22:15.996 32643 11764 I System.out: [com.mediatek.cta.CtaAdapter]:check permission begin!
07-01 14:22:18.207 32643 11764 I System.out: [com.mediatek.cta.CtaAdapter]:check permission begin!
07-01 14:22:18.739 32643 11661 W com.trackk: Suspending all threads took: 24.367ms
07-01 14:22:19.100 32643 11661 I com.trackk: Background young concurrent copying GC freed 474962(21MB) AllocSpace objects, 13(536KB) LOS objects, 38% free, 34MB/55MB, paused 8.909ms,24.948ms total 886.626ms
07-01 14:22:19.239 32643 32643 E AndroidRuntime: FATAL EXCEPTION: main
07-01 14:22:19.239 32643 32643 E AndroidRuntime: Process: com.trackk, PID: 32643
07-01 14:22:19.239 32643 32643 E AndroidRuntime: java.lang.RuntimeException: Unable to start service com.trackk.BackgroundService@90d5193 with Intent { cmp=com.trackk/.BackgroundService (has extras) }: android.view.WindowManager$BadTokenException: Unable to add window android.view.ViewRootImpl$W@5d5c682 -- permission denied for window type 2038
07-01 14:22:19.239 32643 32643 E AndroidRuntime: 	at android.app.ActivityThread.handleServiceArgs(ActivityThread.java:4697)
07-01 14:22:19.239 32643 32643 E AndroidRuntime: 	at android.app.ActivityThread.access$2100(ActivityThread.java:253)
07-01 14:22:19.239 32643 32643 E AndroidRuntime: 	at android.app.ActivityThread$H.handleMessage(ActivityThread.java:2128)
07-01 14:22:19.239 32643 32643 E AndroidRuntime: 	at android.os.Handler.dispatchMessage(Handler.java:106)
07-01 14:22:19.239 32643 32643 E AndroidRuntime: 	at android.os.Looper.loopOnce(Looper.java:201)
07-01 14:22:19.239 32643 32643 E AndroidRuntime: 	at android.os.Looper.loop(Looper.java:288)
07-01 14:22:19.239 32643 32643 E AndroidRuntime: 	at android.app.ActivityThread.main(ActivityThread.java:7886)
07-01 14:22:19.239 32643 32643 E AndroidRuntime: 	at java.lang.reflect.Method.invoke(Native Method)
07-01 14:22:19.239 32643 32643 E AndroidRuntime: 	at com.android.internal.os.RuntimeInit$MethodAndArgsCaller.run(RuntimeInit.java:568)
07-01 14:22:19.239 32643 32643 E AndroidRuntime: 	at com.android.internal.os.ZygoteInit.main(ZygoteInit.java:1045)
07-01 14:22:19.239 32643 32643 E AndroidRuntime: Caused by: android.view.WindowManager$BadTokenException: Unable to add window android.view.ViewRootImpl$W@5d5c682 -- permission denied for window type 2038
07-01 14:22:19.239 32643 32643 E AndroidRuntime: 	at android.view.ViewRootImpl.setView(ViewRootImpl.java:1247)
07-01 14:22:19.239 32643 32643 E AndroidRuntime: 	at android.view.WindowManagerGlobal.addView(WindowManagerGlobal.java:399)
07-01 14:22:19.239 32643 32643 E AndroidRuntime: 	at android.view.WindowManagerImpl.addView(WindowManagerImpl.java:133)
07-01 14:22:19.239 32643 32643 E AndroidRuntime: 	at com.trackk.BackgroundService.showOverlayWindow(BackgroundService.kt:503)
07-01 14:22:19.239 32643 32643 E AndroidRuntime: 	at com.trackk.BackgroundService.getAppUsageDuration(BackgroundService.kt:293)
07-01 14:22:19.239 32643 32643 E AndroidRuntime: 	at com.trackk.BackgroundService.requestUsageStatsPermission(BackgroundService.kt:140)
07-01 14:22:19.239 32643 32643 E AndroidRuntime: 	at com.trackk.BackgroundService.onStartCommand(BackgroundService.kt:93)
07-01 14:22:19.239 32643 32643 E AndroidRuntime: 	at android.app.ActivityThread.handleServiceArgs(ActivityThread.java:4679)
07-01 14:22:19.239 32643 32643 E AndroidRuntime: 	... 9 more
